>{{ "a}}b" }}
#^^ text.html.pebble meta.expression.pebble punctuation.definition.expression.begin.pebble
#  ^ text.html.pebble meta.expression.pebble
#   ^ text.html.pebble meta.expression.pebble string.quoted.double.pebble punctuation.definition.string.begin.pebble
#    ^^^^ text.html.pebble meta.expression.pebble string.quoted.double.pebble
#        ^ text.html.pebble meta.expression.pebble string.quoted.double.pebble punctuation.definition.string.end.pebble
#         ^ text.html.pebble meta.expression.pebble
#          ^^ text.html.pebble meta.expression.pebble punctuation.definition.expression.end.pebble
>{{ {"k": 1} }}
#^^ text.html.pebble meta.expression.pebble punctuation.definition.expression.begin.pebble
#  ^ text.html.pebble meta.expression.pebble
#   ^ text.html.pebble meta.expression.pebble meta.map.pebble punctuation.section.braces.begin.pebble
#    ^ text.html.pebble meta.expression.pebble meta.map.pebble string.quoted.double.pebble punctuation.definition.string.begin.pebble
#     ^ text.html.pebble meta.expression.pebble meta.map.pebble string.quoted.double.pebble
#      ^ text.html.pebble meta.expression.pebble meta.map.pebble string.quoted.double.pebble punctuation.definition.string.end.pebble
#       ^ text.html.pebble meta.expression.pebble meta.map.pebble punctuation.separator.key-value.pebble
#        ^ text.html.pebble meta.expression.pebble meta.map.pebble
#         ^ text.html.pebble meta.expression.pebble meta.map.pebble constant.numeric.pebble
#          ^ text.html.pebble meta.expression.pebble meta.map.pebble punctuation.section.braces.end.pebble
#           ^ text.html.pebble meta.expression.pebble
#            ^^ text.html.pebble meta.expression.pebble punctuation.definition.expression.end.pebble
>{{-x-}}
#^^ text.html.pebble meta.expression.pebble punctuation.definition.expression.begin.pebble
#  ^ text.html.pebble meta.expression.pebble keyword.operator.whitespace.pebble
#   ^ text.html.pebble meta.expression.pebble variable.other.pebble
#    ^ text.html.pebble meta.expression.pebble keyword.operator.whitespace.pebble
#     ^^ text.html.pebble meta.expression.pebble punctuation.definition.expression.end.pebble
>{%endif%}
#^^ text.html.pebble meta.tag.statement.pebble punctuation.definition.tag.begin.pebble
#  ^^^^^ text.html.pebble meta.tag.statement.pebble keyword.control.pebble
#       ^^ text.html.pebble meta.tag.statement.pebble punctuation.definition.tag.end.pebble
>{% unknownTag "arg" %}
#^^ text.html.pebble meta.tag.statement.pebble punctuation.definition.tag.begin.pebble
#  ^ text.html.pebble meta.tag.statement.pebble
#   ^^^^^^^^^^ text.html.pebble meta.tag.statement.pebble entity.name.tag.pebble
#             ^ text.html.pebble meta.tag.statement.pebble
#              ^ text.html.pebble meta.tag.statement.pebble string.quoted.double.pebble punctuation.definition.string.begin.pebble
#               ^^^ text.html.pebble meta.tag.statement.pebble string.quoted.double.pebble
#                  ^ text.html.pebble meta.tag.statement.pebble string.quoted.double.pebble punctuation.definition.string.end.pebble
#                   ^ text.html.pebble meta.tag.statement.pebble
#                    ^^ text.html.pebble meta.tag.statement.pebble punctuation.definition.tag.end.pebble
>{% %}
#^^ text.html.pebble meta.tag.statement.pebble punctuation.definition.tag.begin.pebble
#  ^ text.html.pebble meta.tag.statement.pebble
#   ^^ text.html.pebble meta.tag.statement.pebble punctuation.definition.tag.end.pebble
>{{ }}
#^^ text.html.pebble meta.expression.pebble punctuation.definition.expression.begin.pebble
#  ^ text.html.pebble meta.expression.pebble
#   ^^ text.html.pebble meta.expression.pebble punctuation.definition.expression.end.pebble
>{{ a }}{{ b }}{% if c %}{% endif %}
#^^ text.html.pebble meta.expression.pebble punctuation.definition.expression.begin.pebble
#  ^ text.html.pebble meta.expression.pebble
#   ^ text.html.pebble meta.expression.pebble variable.other.pebble
#    ^ text.html.pebble meta.expression.pebble
#     ^^ text.html.pebble meta.expression.pebble punctuation.definition.expression.end.pebble
#       ^^ text.html.pebble meta.expression.pebble punctuation.definition.expression.begin.pebble
#         ^ text.html.pebble meta.expression.pebble
#          ^ text.html.pebble meta.expression.pebble variable.other.pebble
#           ^ text.html.pebble meta.expression.pebble
#            ^^ text.html.pebble meta.expression.pebble punctuation.definition.expression.end.pebble
#              ^^ text.html.pebble meta.tag.statement.pebble punctuation.definition.tag.begin.pebble
#                ^ text.html.pebble meta.tag.statement.pebble
#                 ^^ text.html.pebble meta.tag.statement.pebble keyword.control.pebble
#                   ^ text.html.pebble meta.tag.statement.pebble
#                    ^ text.html.pebble meta.tag.statement.pebble variable.other.pebble
#                     ^ text.html.pebble meta.tag.statement.pebble
#                      ^^ text.html.pebble meta.tag.statement.pebble punctuation.definition.tag.end.pebble
#                        ^^ text.html.pebble meta.tag.statement.pebble punctuation.definition.tag.begin.pebble
#                          ^ text.html.pebble meta.tag.statement.pebble
#                           ^^^^^ text.html.pebble meta.tag.statement.pebble keyword.control.pebble
#                                ^ text.html.pebble meta.tag.statement.pebble
#                                 ^^ text.html.pebble meta.tag.statement.pebble punctuation.definition.tag.end.pebble
><div {% if active %}class="on"{% endif %}>x</div>
#^ text.html.pebble meta.tag.structure.div.start.html punctuation.definition.tag.begin.html
# ^^^ text.html.pebble meta.tag.structure.div.start.html entity.name.tag.html
#    ^ text.html.pebble meta.tag.structure.div.start.html
#     ^^ text.html.pebble meta.tag.structure.div.start.html meta.tag.statement.pebble punctuation.definition.tag.begin.pebble
#       ^ text.html.pebble meta.tag.structure.div.start.html meta.tag.statement.pebble
#        ^^ text.html.pebble meta.tag.structure.div.start.html meta.tag.statement.pebble keyword.control.pebble
#          ^ text.html.pebble meta.tag.structure.div.start.html meta.tag.statement.pebble
#           ^^^^^^ text.html.pebble meta.tag.structure.div.start.html meta.tag.statement.pebble variable.other.pebble
#                 ^ text.html.pebble meta.tag.structure.div.start.html meta.tag.statement.pebble
#                  ^^ text.html.pebble meta.tag.structure.div.start.html meta.tag.statement.pebble punctuation.definition.tag.end.pebble
#                    ^^^^^ text.html.pebble meta.tag.structure.div.start.html meta.attribute.class.html entity.other.attribute-name.html
#                         ^ text.html.pebble meta.tag.structure.div.start.html meta.attribute.class.html punctuation.separator.key-value.html
#                          ^ text.html.pebble meta.tag.structure.div.start.html meta.attribute.class.html string.quoted.double.html punctuation.definition.string.begin.html
#                           ^^ text.html.pebble meta.tag.structure.div.start.html meta.attribute.class.html string.quoted.double.html
#                             ^ text.html.pebble meta.tag.structure.div.start.html meta.attribute.class.html string.quoted.double.html punctuation.definition.string.end.html
#                              ^^ text.html.pebble meta.tag.structure.div.start.html meta.attribute.class.html meta.tag.statement.pebble punctuation.definition.tag.begin.pebble
#                                ^ text.html.pebble meta.tag.structure.div.start.html meta.attribute.class.html meta.tag.statement.pebble
#                                 ^^^^^ text.html.pebble meta.tag.structure.div.start.html meta.attribute.class.html meta.tag.statement.pebble keyword.control.pebble
#                                      ^ text.html.pebble meta.tag.structure.div.start.html meta.attribute.class.html meta.tag.statement.pebble
#                                       ^^ text.html.pebble meta.tag.structure.div.start.html meta.attribute.class.html meta.tag.statement.pebble punctuation.definition.tag.end.pebble
#                                         ^ text.html.pebble meta.tag.structure.div.start.html punctuation.definition.tag.end.html
#                                          ^ text.html.pebble
#                                           ^^ text.html.pebble meta.tag.structure.div.end.html punctuation.definition.tag.begin.html
#                                             ^^^ text.html.pebble meta.tag.structure.div.end.html entity.name.tag.html
#                                                ^ text.html.pebble meta.tag.structure.div.end.html punctuation.definition.tag.end.html
><p title="{{ t }}" data-x="{% if a %}1{% endif %}">y</p>
#^ text.html.pebble meta.tag.structure.p.start.html punctuation.definition.tag.begin.html
# ^ text.html.pebble meta.tag.structure.p.start.html entity.name.tag.html
#  ^ text.html.pebble meta.tag.structure.p.start.html
#   ^^^^^ text.html.pebble meta.tag.structure.p.start.html meta.attribute.title.html entity.other.attribute-name.html
#        ^ text.html.pebble meta.tag.structure.p.start.html meta.attribute.title.html punctuation.separator.key-value.html
#         ^ text.html.pebble meta.tag.structure.p.start.html meta.attribute.title.html string.quoted.double.html punctuation.definition.string.begin.html
#          ^^ text.html.pebble meta.tag.structure.p.start.html meta.attribute.title.html string.quoted.double.html meta.expression.pebble punctuation.definition.expression.begin.pebble
#            ^ text.html.pebble meta.tag.structure.p.start.html meta.attribute.title.html string.quoted.double.html meta.expression.pebble
#             ^ text.html.pebble meta.tag.structure.p.start.html meta.attribute.title.html string.quoted.double.html meta.expression.pebble variable.other.pebble
#              ^ text.html.pebble meta.tag.structure.p.start.html meta.attribute.title.html string.quoted.double.html meta.expression.pebble
#               ^^ text.html.pebble meta.tag.structure.p.start.html meta.attribute.title.html string.quoted.double.html meta.expression.pebble punctuation.definition.expression.end.pebble
#                 ^ text.html.pebble meta.tag.structure.p.start.html meta.attribute.title.html string.quoted.double.html punctuation.definition.string.end.html
#                  ^ text.html.pebble meta.tag.structure.p.start.html
#                   ^^^^^^ text.html.pebble meta.tag.structure.p.start.html meta.attribute.data-x.data-x.html entity.other.attribute-name.html
#                         ^ text.html.pebble meta.tag.structure.p.start.html meta.attribute.data-x.data-x.html punctuation.separator.key-value.html
#                          ^ text.html.pebble meta.tag.structure.p.start.html meta.attribute.data-x.data-x.html string.quoted.double.html punctuation.definition.string.begin.html
#                           ^^ text.html.pebble meta.tag.structure.p.start.html meta.attribute.data-x.data-x.html string.quoted.double.html meta.tag.statement.pebble punctuation.definition.tag.begin.pebble
#                             ^ text.html.pebble meta.tag.structure.p.start.html meta.attribute.data-x.data-x.html string.quoted.double.html meta.tag.statement.pebble
#                              ^^ text.html.pebble meta.tag.structure.p.start.html meta.attribute.data-x.data-x.html string.quoted.double.html meta.tag.statement.pebble keyword.control.pebble
#                                ^ text.html.pebble meta.tag.structure.p.start.html meta.attribute.data-x.data-x.html string.quoted.double.html meta.tag.statement.pebble
#                                 ^ text.html.pebble meta.tag.structure.p.start.html meta.attribute.data-x.data-x.html string.quoted.double.html meta.tag.statement.pebble variable.other.pebble
#                                  ^ text.html.pebble meta.tag.structure.p.start.html meta.attribute.data-x.data-x.html string.quoted.double.html meta.tag.statement.pebble
#                                   ^^ text.html.pebble meta.tag.structure.p.start.html meta.attribute.data-x.data-x.html string.quoted.double.html meta.tag.statement.pebble punctuation.definition.tag.end.pebble
#                                     ^ text.html.pebble meta.tag.structure.p.start.html meta.attribute.data-x.data-x.html string.quoted.double.html
#                                      ^^ text.html.pebble meta.tag.structure.p.start.html meta.attribute.data-x.data-x.html string.quoted.double.html meta.tag.statement.pebble punctuation.definition.tag.begin.pebble
#                                        ^ text.html.pebble meta.tag.structure.p.start.html meta.attribute.data-x.data-x.html string.quoted.double.html meta.tag.statement.pebble
#                                         ^^^^^ text.html.pebble meta.tag.structure.p.start.html meta.attribute.data-x.data-x.html string.quoted.double.html meta.tag.statement.pebble keyword.control.pebble
#                                              ^ text.html.pebble meta.tag.structure.p.start.html meta.attribute.data-x.data-x.html string.quoted.double.html meta.tag.statement.pebble
#                                               ^^ text.html.pebble meta.tag.structure.p.start.html meta.attribute.data-x.data-x.html string.quoted.double.html meta.tag.statement.pebble punctuation.definition.tag.end.pebble
#                                                 ^ text.html.pebble meta.tag.structure.p.start.html meta.attribute.data-x.data-x.html string.quoted.double.html punctuation.definition.string.end.html
#                                                  ^ text.html.pebble meta.tag.structure.p.start.html punctuation.definition.tag.end.html
#                                                   ^ text.html.pebble
#                                                    ^^ text.html.pebble meta.tag.structure.p.end.html punctuation.definition.tag.begin.html
#                                                      ^ text.html.pebble meta.tag.structure.p.end.html entity.name.tag.html
#                                                       ^ text.html.pebble meta.tag.structure.p.end.html punctuation.definition.tag.end.html
>{{ unterminated
#^^ text.html.pebble meta.expression.pebble punctuation.definition.expression.begin.pebble
#  ^ text.html.pebble meta.expression.pebble
#   ^^^^^^^^^^^^ text.html.pebble meta.expression.pebble variable.other.pebble
>