>{% autoescape %}{{ raw }}{% endautoescape %}
#^^ text.html.pebble meta.tag.statement.pebble punctuation.definition.tag.begin.pebble
#  ^ text.html.pebble meta.tag.statement.pebble
#   ^^^^^^^^^^ text.html.pebble meta.tag.statement.pebble keyword.control.pebble
#             ^ text.html.pebble meta.tag.statement.pebble
#              ^^ text.html.pebble meta.tag.statement.pebble punctuation.definition.tag.end.pebble
#                ^^ text.html.pebble meta.expression.pebble punctuation.definition.expression.begin.pebble
#                  ^ text.html.pebble meta.expression.pebble
#                   ^^^ text.html.pebble meta.expression.pebble variable.other.pebble
#                      ^ text.html.pebble meta.expression.pebble
#                       ^^ text.html.pebble meta.expression.pebble punctuation.definition.expression.end.pebble
#                         ^^ text.html.pebble meta.tag.statement.pebble punctuation.definition.tag.begin.pebble
#                           ^ text.html.pebble meta.tag.statement.pebble
#                            ^^^^^^^^^^^^^ text.html.pebble meta.tag.statement.pebble keyword.control.pebble
#                                         ^ text.html.pebble meta.tag.statement.pebble
#                                          ^^ text.html.pebble meta.tag.statement.pebble punctuation.definition.tag.end.pebble
>{% autoescape "js" %}var x = "{{ s }}";{% endautoescape %}
#^^ text.html.pebble meta.tag.statement.pebble punctuation.definition.tag.begin.pebble
#  ^ text.html.pebble meta.tag.statement.pebble
#   ^^^^^^^^^^ text.html.pebble meta.tag.statement.pebble keyword.control.pebble
#             ^ text.html.pebble meta.tag.statement.pebble
#              ^ text.html.pebble meta.tag.statement.pebble string.quoted.double.pebble punctuation.definition.string.begin.pebble
#               ^^ text.html.pebble meta.tag.statement.pebble string.quoted.double.pebble
#                 ^ text.html.pebble meta.tag.statement.pebble string.quoted.double.pebble punctuation.definition.string.end.pebble
#                  ^ text.html.pebble meta.tag.statement.pebble
#                   ^^ text.html.pebble meta.tag.statement.pebble punctuation.definition.tag.end.pebble
#                     ^^^^^^^^^ text.html.pebble
#                              ^^ text.html.pebble meta.expression.pebble punctuation.definition.expression.begin.pebble
#                                ^ text.html.pebble meta.expression.pebble
#                                 ^ text.html.pebble meta.expression.pebble variable.other.pebble
#                                  ^ text.html.pebble meta.expression.pebble
#                                   ^^ text.html.pebble meta.expression.pebble punctuation.definition.expression.end.pebble
#                                     ^^ text.html.pebble
#                                       ^^ text.html.pebble meta.tag.statement.pebble punctuation.definition.tag.begin.pebble
#                                         ^ text.html.pebble meta.tag.statement.pebble
#                                          ^^^^^^^^^^^^^ text.html.pebble meta.tag.statement.pebble keyword.control.pebble
#                                                       ^ text.html.pebble meta.tag.statement.pebble
#                                                        ^^ text.html.pebble meta.tag.statement.pebble punctuation.definition.tag.end.pebble
>{% autoescape false %}{{ html }}{% endautoescape %}
#^^ text.html.pebble meta.tag.statement.pebble punctuation.definition.tag.begin.pebble
#  ^ text.html.pebble meta.tag.statement.pebble
#   ^^^^^^^^^^ text.html.pebble meta.tag.statement.pebble keyword.control.pebble
#             ^ text.html.pebble meta.tag.statement.pebble
#              ^^^^^ text.html.pebble meta.tag.statement.pebble constant.language.pebble
#                   ^ text.html.pebble meta.tag.statement.pebble
#                    ^^ text.html.pebble meta.tag.statement.pebble punctuation.definition.tag.end.pebble
#                      ^^ text.html.pebble meta.expression.pebble punctuation.definition.expression.begin.pebble
#                        ^ text.html.pebble meta.expression.pebble
#                         ^^^^ text.html.pebble meta.expression.pebble variable.other.pebble
#                             ^ text.html.pebble meta.expression.pebble
#                              ^^ text.html.pebble meta.expression.pebble punctuation.definition.expression.end.pebble
#                                ^^ text.html.pebble meta.tag.statement.pebble punctuation.definition.tag.begin.pebble
#                                  ^ text.html.pebble meta.tag.statement.pebble
#                                   ^^^^^^^^^^^^^ text.html.pebble meta.tag.statement.pebble keyword.control.pebble
#                                                ^ text.html.pebble meta.tag.statement.pebble
#                                                 ^^ text.html.pebble meta.tag.statement.pebble punctuation.definition.tag.end.pebble
>{% set title = "Test Page" %}
#^^ text.html.pebble meta.tag.statement.pebble punctuation.definition.tag.begin.pebble
#  ^ text.html.pebble meta.tag.statement.pebble
#   ^^^ text.html.pebble meta.tag.statement.pebble keyword.control.pebble
#      ^ text.html.pebble meta.tag.statement.pebble
#       ^^^^^ text.html.pebble meta.tag.statement.pebble variable.other.pebble
#            ^ text.html.pebble meta.tag.statement.pebble
#             ^ text.html.pebble meta.tag.statement.pebble keyword.operator.assignment.pebble
#              ^ text.html.pebble meta.tag.statement.pebble
#               ^ text.html.pebble meta.tag.statement.pebble string.quoted.double.pebble punctuation.definition.string.begin.pebble
#                ^^^^^^^^^ text.html.pebble meta.tag.statement.pebble string.quoted.double.pebble
#                         ^ text.html.pebble meta.tag.statement.pebble string.quoted.double.pebble punctuation.definition.string.end.pebble
#                          ^ text.html.pebble meta.tag.statement.pebble
#                           ^^ text.html.pebble meta.tag.statement.pebble punctuation.definition.tag.end.pebble
>{% set total = price * qty %}
#^^ text.html.pebble meta.tag.statement.pebble punctuation.definition.tag.begin.pebble
#  ^ text.html.pebble meta.tag.statement.pebble
#   ^^^ text.html.pebble meta.tag.statement.pebble keyword.control.pebble
#      ^ text.html.pebble meta.tag.statement.pebble
#       ^^^^^ text.html.pebble meta.tag.statement.pebble variable.other.pebble
#            ^ text.html.pebble meta.tag.statement.pebble
#             ^ text.html.pebble meta.tag.statement.pebble keyword.operator.assignment.pebble
#              ^ text.html.pebble meta.tag.statement.pebble
#               ^^^^^ text.html.pebble meta.tag.statement.pebble variable.other.pebble
#                    ^ text.html.pebble meta.tag.statement.pebble
#                     ^ text.html.pebble meta.tag.statement.pebble keyword.operator.arithmetic.pebble
#                      ^ text.html.pebble meta.tag.statement.pebble
#                       ^^^ text.html.pebble meta.tag.statement.pebble variable.other.pebble
#                          ^ text.html.pebble meta.tag.statement.pebble
#                           ^^ text.html.pebble meta.tag.statement.pebble punctuation.definition.tag.end.pebble
>{% filter upper %}text{% endfilter %}
#^^ text.html.pebble meta.tag.statement.pebble punctuation.definition.tag.begin.pebble
#  ^ text.html.pebble meta.tag.statement.pebble
#   ^^^^^^ text.html.pebble meta.tag.statement.pebble keyword.control.pebble
#         ^ text.html.pebble meta.tag.statement.pebble
#          ^^^^^ text.html.pebble meta.tag.statement.pebble support.function.filter.pebble
#               ^ text.html.pebble meta.tag.statement.pebble
#                ^^ text.html.pebble meta.tag.statement.pebble punctuation.definition.tag.end.pebble
#                  ^^^^ text.html.pebble
#                      ^^ text.html.pebble meta.tag.statement.pebble punctuation.definition.tag.begin.pebble
#                        ^ text.html.pebble meta.tag.statement.pebble
#                         ^^^^^^^^^ text.html.pebble meta.tag.statement.pebble keyword.control.pebble
#                                  ^ text.html.pebble meta.tag.statement.pebble
#                                   ^^ text.html.pebble meta.tag.statement.pebble punctuation.definition.tag.end.pebble
>{% filter upper | escape("html") %}text{% endfilter %}
#^^ text.html.pebble meta.tag.statement.pebble punctuation.definition.tag.begin.pebble
#  ^ text.html.pebble meta.tag.statement.pebble
#   ^^^^^^ text.html.pebble meta.tag.statement.pebble keyword.control.pebble
#         ^ text.html.pebble meta.tag.statement.pebble
#          ^^^^^ text.html.pebble meta.tag.statement.pebble support.function.filter.pebble
#               ^ text.html.pebble meta.tag.statement.pebble
#                ^ text.html.pebble meta.tag.statement.pebble keyword.operator.pipe.pebble
#                 ^ text.html.pebble meta.tag.statement.pebble
#                  ^^^^^^ text.html.pebble meta.tag.statement.pebble support.function.filter.pebble
#                        ^ text.html.pebble meta.tag.statement.pebble meta.parens.pebble punctuation.section.parens.begin.pebble
#                         ^ text.html.pebble meta.tag.statement.pebble meta.parens.pebble string.quoted.double.pebble punctuation.definition.string.begin.pebble
#                          ^^^^ text.html.pebble meta.tag.statement.pebble meta.parens.pebble string.quoted.double.pebble
#                              ^ text.html.pebble meta.tag.statement.pebble meta.parens.pebble string.quoted.double.pebble punctuation.definition.string.end.pebble
#                               ^ text.html.pebble meta.tag.statement.pebble meta.parens.pebble punctuation.section.parens.end.pebble
#                                ^ text.html.pebble meta.tag.statement.pebble
#                                 ^^ text.html.pebble meta.tag.statement.pebble punctuation.definition.tag.end.pebble
#                                   ^^^^ text.html.pebble
#                                       ^^ text.html.pebble meta.tag.statement.pebble punctuation.definition.tag.begin.pebble
#                                         ^ text.html.pebble meta.tag.statement.pebble
#                                          ^^^^^^^^^ text.html.pebble meta.tag.statement.pebble keyword.control.pebble
#                                                   ^ text.html.pebble meta.tag.statement.pebble
#                                                    ^^ text.html.pebble meta.tag.statement.pebble punctuation.definition.tag.end.pebble
>{% filter custom %}text{% endfilter %}
#^^ text.html.pebble meta.tag.statement.pebble punctuation.definition.tag.begin.pebble
#  ^ text.html.pebble meta.tag.statement.pebble
#   ^^^^^^ text.html.pebble meta.tag.statement.pebble keyword.control.pebble
#         ^ text.html.pebble meta.tag.statement.pebble
#          ^^^^^^ text.html.pebble meta.tag.statement.pebble entity.name.function.filter.pebble
#                ^ text.html.pebble meta.tag.statement.pebble
#                 ^^ text.html.pebble meta.tag.statement.pebble punctuation.definition.tag.end.pebble
#                   ^^^^ text.html.pebble
#                       ^^ text.html.pebble meta.tag.statement.pebble punctuation.definition.tag.begin.pebble
#                         ^ text.html.pebble meta.tag.statement.pebble
#                          ^^^^^^^^^ text.html.pebble meta.tag.statement.pebble keyword.control.pebble
#                                   ^ text.html.pebble meta.tag.statement.pebble
#                                    ^^ text.html.pebble meta.tag.statement.pebble punctuation.definition.tag.end.pebble
>{% cache "menu" %}{% include "menu.peb" %}{% endcache %}
#^^ text.html.pebble meta.tag.statement.pebble punctuation.definition.tag.begin.pebble
#  ^ text.html.pebble meta.tag.statement.pebble
#   ^^^^^ text.html.pebble meta.tag.statement.pebble keyword.control.pebble
#        ^ text.html.pebble meta.tag.statement.pebble
#         ^ text.html.pebble meta.tag.statement.pebble string.quoted.double.pebble punctuation.definition.string.begin.pebble
#          ^^^^ text.html.pebble meta.tag.statement.pebble string.quoted.double.pebble
#              ^ text.html.pebble meta.tag.statement.pebble string.quoted.double.pebble punctuation.definition.string.end.pebble
#               ^ text.html.pebble meta.tag.statement.pebble
#                ^^ text.html.pebble meta.tag.statement.pebble punctuation.definition.tag.end.pebble
#                  ^^ text.html.pebble meta.tag.statement.pebble punctuation.definition.tag.begin.pebble
#                    ^ text.html.pebble meta.tag.statement.pebble
#                     ^^^^^^^ text.html.pebble meta.tag.statement.pebble keyword.control.pebble
#                            ^ text.html.pebble meta.tag.statement.pebble
#                             ^^^^^^^^^^ text.html.pebble meta.tag.statement.pebble string.quoted.double.pebble entity.name.template.pebble
#                                       ^ text.html.pebble meta.tag.statement.pebble
#                                        ^^ text.html.pebble meta.tag.statement.pebble punctuation.definition.tag.end.pebble
#                                          ^^ text.html.pebble meta.tag.statement.pebble punctuation.definition.tag.begin.pebble
#                                            ^ text.html.pebble meta.tag.statement.pebble
#                                             ^^^^^^^^ text.html.pebble meta.tag.statement.pebble keyword.control.pebble
#                                                     ^ text.html.pebble meta.tag.statement.pebble
#                                                      ^^ text.html.pebble meta.tag.statement.pebble punctuation.definition.tag.end.pebble
>{% parallel %}{{ slow() }}{% endparallel %}
#^^ text.html.pebble meta.tag.statement.pebble punctuation.definition.tag.begin.pebble
#  ^ text.html.pebble meta.tag.statement.pebble
#   ^^^^^^^^ text.html.pebble meta.tag.statement.pebble keyword.control.pebble
#           ^ text.html.pebble meta.tag.statement.pebble
#            ^^ text.html.pebble meta.tag.statement.pebble punctuation.definition.tag.end.pebble
#              ^^ text.html.pebble meta.expression.pebble punctuation.definition.expression.begin.pebble
#                ^ text.html.pebble meta.expression.pebble
#                 ^^^^ text.html.pebble meta.expression.pebble entity.name.function.pebble
#                     ^ text.html.pebble meta.expression.pebble meta.parens.pebble punctuation.section.parens.begin.pebble
#                      ^ text.html.pebble meta.expression.pebble meta.parens.pebble punctuation.section.parens.end.pebble
#                       ^ text.html.pebble meta.expression.pebble
#                        ^^ text.html.pebble meta.expression.pebble punctuation.definition.expression.end.pebble
#                          ^^ text.html.pebble meta.tag.statement.pebble punctuation.definition.tag.begin.pebble
#                            ^ text.html.pebble meta.tag.statement.pebble
#                             ^^^^^^^^^^^ text.html.pebble meta.tag.statement.pebble keyword.control.pebble
#                                        ^ text.html.pebble meta.tag.statement.pebble
#                                         ^^ text.html.pebble meta.tag.statement.pebble punctuation.definition.tag.end.pebble
>{% flush %}
#^^ text.html.pebble meta.tag.statement.pebble punctuation.definition.tag.begin.pebble
#  ^ text.html.pebble meta.tag.statement.pebble
#   ^^^^^ text.html.pebble meta.tag.statement.pebble keyword.control.pebble
#        ^ text.html.pebble meta.tag.statement.pebble
#         ^^ text.html.pebble meta.tag.statement.pebble punctuation.definition.tag.end.pebble
>