>{% if users is empty %}{% endif %}
#^^ text.html.pebble meta.tag.statement.pebble punctuation.definition.tag.begin.pebble
#  ^ text.html.pebble meta.tag.statement.pebble
#   ^^ text.html.pebble meta.tag.statement.pebble keyword.control.pebble
#     ^ text.html.pebble meta.tag.statement.pebble
#      ^^^^^ text.html.pebble meta.tag.statement.pebble variable.other.pebble
#           ^ text.html.pebble meta.tag.statement.pebble
#            ^^ text.html.pebble meta.tag.statement.pebble keyword.operator.logical.pebble
#              ^ text.html.pebble meta.tag.statement.pebble
#               ^^^^^ text.html.pebble meta.tag.statement.pebble support.function.test.pebble
#                    ^ text.html.pebble meta.tag.statement.pebble
#                     ^^ text.html.pebble meta.tag.statement.pebble punctuation.definition.tag.end.pebble
#                       ^^ text.html.pebble meta.tag.statement.pebble punctuation.definition.tag.begin.pebble
#                         ^ text.html.pebble meta.tag.statement.pebble
#                          ^^^^^ text.html.pebble meta.tag.statement.pebble keyword.control.pebble
#                               ^ text.html.pebble meta.tag.statement.pebble
#                                ^^ text.html.pebble meta.tag.statement.pebble punctuation.definition.tag.end.pebble
>{% if n is even or n is odd %}{% endif %}
#^^ text.html.pebble meta.tag.statement.pebble punctuation.definition.tag.begin.pebble
#  ^ text.html.pebble meta.tag.statement.pebble
#   ^^ text.html.pebble meta.tag.statement.pebble keyword.control.pebble
#     ^ text.html.pebble meta.tag.statement.pebble
#      ^ text.html.pebble meta.tag.statement.pebble variable.other.pebble
#       ^ text.html.pebble meta.tag.statement.pebble
#        ^^ text.html.pebble meta.tag.statement.pebble keyword.operator.logical.pebble
#          ^ text.html.pebble meta.tag.statement.pebble
#           ^^^^ text.html.pebble meta.tag.statement.pebble support.function.test.pebble
#               ^ text.html.pebble meta.tag.statement.pebble
#                ^^ text.html.pebble meta.tag.statement.pebble keyword.operator.logical.pebble
#                  ^ text.html.pebble meta.tag.statement.pebble
#                   ^ text.html.pebble meta.tag.statement.pebble variable.other.pebble
#                    ^ text.html.pebble meta.tag.statement.pebble
#                     ^^ text.html.pebble meta.tag.statement.pebble keyword.operator.logical.pebble
#                       ^ text.html.pebble meta.tag.statement.pebble
#                        ^^^ text.html.pebble meta.tag.statement.pebble support.function.test.pebble
#                           ^ text.html.pebble meta.tag.statement.pebble
#                            ^^ text.html.pebble meta.tag.statement.pebble punctuation.definition.tag.end.pebble
#                              ^^ text.html.pebble meta.tag.statement.pebble punctuation.definition.tag.begin.pebble
#                                ^ text.html.pebble meta.tag.statement.pebble
#                                 ^^^^^ text.html.pebble meta.tag.statement.pebble keyword.control.pebble
#                                      ^ text.html.pebble meta.tag.statement.pebble
#                                       ^^ text.html.pebble meta.tag.statement.pebble punctuation.definition.tag.end.pebble
>{% if x is null and y is not null %}{% endif %}
#^^ text.html.pebble meta.tag.statement.pebble punctuation.definition.tag.begin.pebble
#  ^ text.html.pebble meta.tag.statement.pebble
#   ^^ text.html.pebble meta.tag.statement.pebble keyword.control.pebble
#     ^ text.html.pebble meta.tag.statement.pebble
#      ^ text.html.pebble meta.tag.statement.pebble variable.other.pebble
#       ^ text.html.pebble meta.tag.statement.pebble
#        ^^ text.html.pebble meta.tag.statement.pebble keyword.operator.logical.pebble
#          ^ text.html.pebble meta.tag.statement.pebble
#           ^^^^ text.html.pebble meta.tag.statement.pebble support.function.test.pebble
#               ^ text.html.pebble meta.tag.statement.pebble
#                ^^^ text.html.pebble meta.tag.statement.pebble keyword.operator.logical.pebble
#                   ^ text.html.pebble meta.tag.statement.pebble
#                    ^ text.html.pebble meta.tag.statement.pebble variable.other.pebble
#                     ^ text.html.pebble meta.tag.statement.pebble
#                      ^^ text.html.pebble meta.tag.statement.pebble keyword.operator.logical.pebble
#                        ^ text.html.pebble meta.tag.statement.pebble
#                         ^^^ text.html.pebble meta.tag.statement.pebble keyword.operator.logical.pebble
#                            ^ text.html.pebble meta.tag.statement.pebble
#                             ^^^^ text.html.pebble meta.tag.statement.pebble support.function.test.pebble
#                                 ^ text.html.pebble meta.tag.statement.pebble
#                                  ^^ text.html.pebble meta.tag.statement.pebble punctuation.definition.tag.end.pebble
#                                    ^^ text.html.pebble meta.tag.statement.pebble punctuation.definition.tag.begin.pebble
#                                      ^ text.html.pebble meta.tag.statement.pebble
#                                       ^^^^^ text.html.pebble meta.tag.statement.pebble keyword.control.pebble
#                                            ^ text.html.pebble meta.tag.statement.pebble
#                                             ^^ text.html.pebble meta.tag.statement.pebble punctuation.definition.tag.end.pebble
>{% if m is map and i is iterable and d is defined %}{% endif %}
#^^ text.html.pebble meta.tag.statement.pebble punctuation.definition.tag.begin.pebble
#  ^ text.html.pebble meta.tag.statement.pebble
#   ^^ text.html.pebble meta.tag.statement.pebble keyword.control.pebble
#     ^ text.html.pebble meta.tag.statement.pebble
#      ^ text.html.pebble meta.tag.statement.pebble variable.other.pebble
#       ^ text.html.pebble meta.tag.statement.pebble
#        ^^ text.html.pebble meta.tag.statement.pebble keyword.operator.logical.pebble
#          ^ text.html.pebble meta.tag.statement.pebble
#           ^^^ text.html.pebble meta.tag.statement.pebble support.function.test.pebble
#              ^ text.html.pebble meta.tag.statement.pebble
#               ^^^ text.html.pebble meta.tag.statement.pebble keyword.operator.logical.pebble
#                  ^ text.html.pebble meta.tag.statement.pebble
#                   ^ text.html.pebble meta.tag.statement.pebble variable.other.pebble
#                    ^ text.html.pebble meta.tag.statement.pebble
#                     ^^ text.html.pebble meta.tag.statement.pebble keyword.operator.logical.pebble
#                       ^ text.html.pebble meta.tag.statement.pebble
#                        ^^^^^^^^ text.html.pebble meta.tag.statement.pebble support.function.test.pebble
#                                ^ text.html.pebble meta.tag.statement.pebble
#                                 ^^^ text.html.pebble meta.tag.statement.pebble keyword.operator.logical.pebble
#                                    ^ text.html.pebble meta.tag.statement.pebble
#                                     ^ text.html.pebble meta.tag.statement.pebble variable.other.pebble
#                                      ^ text.html.pebble meta.tag.statement.pebble
#                                       ^^ text.html.pebble meta.tag.statement.pebble keyword.operator.logical.pebble
#                                         ^ text.html.pebble meta.tag.statement.pebble
#                                          ^^^^^^^ text.html.pebble meta.tag.statement.pebble support.function.test.pebble
#                                                 ^ text.html.pebble meta.tag.statement.pebble
#                                                  ^^ text.html.pebble meta.tag.statement.pebble punctuation.definition.tag.end.pebble
#                                                    ^^ text.html.pebble meta.tag.statement.pebble punctuation.definition.tag.begin.pebble
#                                                      ^ text.html.pebble meta.tag.statement.pebble
#                                                       ^^^^^ text.html.pebble meta.tag.statement.pebble keyword.control.pebble
#                                                            ^ text.html.pebble meta.tag.statement.pebble
#                                                             ^^ text.html.pebble meta.tag.statement.pebble punctuation.definition.tag.end.pebble
>{% if v is not customTest %}{% endif %}
#^^ text.html.pebble meta.tag.statement.pebble punctuation.definition.tag.begin.pebble
#  ^ text.html.pebble meta.tag.statement.pebble
#   ^^ text.html.pebble meta.tag.statement.pebble keyword.control.pebble
#     ^ text.html.pebble meta.tag.statement.pebble
#      ^ text.html.pebble meta.tag.statement.pebble variable.other.pebble
#       ^ text.html.pebble meta.tag.statement.pebble
#        ^^ text.html.pebble meta.tag.statement.pebble keyword.operator.logical.pebble
#          ^ text.html.pebble meta.tag.statement.pebble
#           ^^^ text.html.pebble meta.tag.statement.pebble keyword.operator.logical.pebble
#              ^ text.html.pebble meta.tag.statement.pebble
#               ^^^^^^^^^^ text.html.pebble meta.tag.statement.pebble entity.name.function.test.pebble
#                         ^ text.html.pebble meta.tag.statement.pebble
#                          ^^ text.html.pebble meta.tag.statement.pebble punctuation.definition.tag.end.pebble
#                            ^^ text.html.pebble meta.tag.statement.pebble punctuation.definition.tag.begin.pebble
#                              ^ text.html.pebble meta.tag.statement.pebble
#                               ^^^^^ text.html.pebble meta.tag.statement.pebble keyword.control.pebble
#                                    ^ text.html.pebble meta.tag.statement.pebble
#                                     ^^ text.html.pebble meta.tag.statement.pebble punctuation.definition.tag.end.pebble
>